Archive member included to satisfy reference by file (symbol)

/usr/lib/gcc-cross/arm-linux-gnueabihf/5/libgcc.a(_udivsi3.o)
                              fs/fat/libfat.o (__aeabi_uidiv)
/usr/lib/gcc-cross/arm-linux-gnueabihf/5/libgcc.a(_divsi3.o)
                              fs/fat/libfat.o (__aeabi_idiv)
/usr/lib/gcc-cross/arm-linux-gnueabihf/5/libgcc.a(_lshrdi3.o)
                              lib/libgeneric.o (__aeabi_llsr)
/usr/lib/gcc-cross/arm-linux-gnueabihf/5/libgcc.a(_ashldi3.o)
                              drivers/mmc/libmmc.o (__aeabi_llsl)
/usr/lib/gcc-cross/arm-linux-gnueabihf/5/libgcc.a(_dvmd_lnx.o)
                              /usr/lib/gcc-cross/arm-linux-gnueabihf/5/libgcc.a(_udivsi3.o) (__aeabi_idiv0)

Discarded input sections

 .data          0x0000000000000000        0x0 arch/arm/cpu/armv7/start.o
 .bss           0x0000000000000000        0x0 arch/arm/cpu/armv7/start.o
 .text          0x0000000000000000        0x0 fs/fat/libfat.o
 .text.check_overflow
                0x0000000000000000       0x4c fs/fat/libfat.o
 .text.disk_write
                0x0000000000000000       0x50 fs/fat/libfat.o
 .text.flush_fat_buffer
                0x0000000000000000       0x50 fs/fat/libfat.o
 .text.get_fatent_value
                0x0000000000000000       0xf8 fs/fat/libfat.o
 .text.set_fatent_value
                0x0000000000000000       0xa2 fs/fat/libfat.o
 .text.set_cluster
                0x0000000000000000       0x80 fs/fat/libfat.o
 .text.set_contents
                0x0000000000000000      0x118 fs/fat/libfat.o
 .text.set_name
                0x0000000000000000       0xcc fs/fat/libfat.o
 .text.flush_dir_table.constprop.7
                0x0000000000000000       0x8c fs/fat/libfat.o
 .text.do_fat_write
                0x0000000000000000      0x610 fs/fat/libfat.o
 .text.do_fat_read
                0x0000000000000000       0x14 fs/fat/libfat.o
 .text.file_fat_detectfs
                0x0000000000000000       0xd4 fs/fat/libfat.o
 .text.file_fat_ls
                0x0000000000000000        0xa fs/fat/libfat.o
 .text.file_fat_write
                0x0000000000000000       0x24 fs/fat/libfat.o
 .data          0x0000000000000000        0x0 fs/fat/libfat.o
 .bss           0x0000000000000000        0x0 fs/fat/libfat.o
 .bss.empty_dentptr
                0x0000000000000000        0x4 fs/fat/libfat.o
 .bss.total_sector
                0x0000000000000000        0x4 fs/fat/libfat.o
 .bss.dir_curclust
                0x0000000000000000        0x4 fs/fat/libfat.o
 .bss.num_of_fats
                0x0000000000000000        0x1 fs/fat/libfat.o
 .text.invalidate_dcache_all
                0x0000000000000000        0x2 arch/arm/cpu/armv7/libarmv7.o
 .text.flush_dcache_all
                0x0000000000000000        0x2 arch/arm/cpu/armv7/libarmv7.o
 .text.invalidate_dcache_range
                0x0000000000000000        0x2 arch/arm/cpu/armv7/libarmv7.o
 .text.arm_init_before_mmu
                0x0000000000000000        0x2 arch/arm/cpu/armv7/libarmv7.o
 .text.flush_cache
                0x0000000000000000        0x2 arch/arm/cpu/armv7/libarmv7.o
 .text.mmu_page_table_flush
                0x0000000000000000        0x2 arch/arm/cpu/armv7/libarmv7.o
 .text.invalidate_icache_all
                0x0000000000000000       0x14 arch/arm/cpu/armv7/libarmv7.o
 .text.__v7_outer_cache_enable
                0x0000000000000000        0x2 arch/arm/cpu/armv7/libarmv7.o
 .text.__v7_outer_cache_disable
                0x0000000000000000        0x2 arch/arm/cpu/armv7/libarmv7.o
 .text.__v7_outer_cache_flush_all
                0x0000000000000000        0x2 arch/arm/cpu/armv7/libarmv7.o
 .text.__v7_outer_cache_inval_all
                0x0000000000000000        0x2 arch/arm/cpu/armv7/libarmv7.o
 .text.__v7_outer_cache_flush_range
                0x0000000000000000        0x2 arch/arm/cpu/armv7/libarmv7.o
 .text.__v7_outer_cache_inval_range
                0x0000000000000000        0x2 arch/arm/cpu/armv7/libarmv7.o
 .text.cpu_cache_initialization
                0x0000000000000000        0x2 arch/arm/cpu/armv7/libarmv7.o
 .text.cleanup_before_linux
                0x0000000000000000       0x1e arch/arm/cpu/armv7/libarmv7.o
 .text.sdelay   0x0000000000000000        0x6 arch/arm/cpu/armv7/libarmv7.o
 .text.sr32     0x0000000000000000       0x1a arch/arm/cpu/armv7/libarmv7.o
 .text.wait_on_value
                0x0000000000000000       0x1a arch/arm/cpu/armv7/libarmv7.o
 .data          0x0000000000000000        0x0 arch/arm/cpu/armv7/libarmv7.o
 .bss           0x0000000000000000        0x0 arch/arm/cpu/armv7/libarmv7.o
 .text.get_ticks
                0x0000000000000000        0xa arch/arm/cpu/armv7/socfpga/libsocfpga.o
 .text.get_tbclk
                0x0000000000000000        0x6 arch/arm/cpu/armv7/socfpga/libsocfpga.o
 .text.reset_cpu
                0x0000000000000000       0x10 arch/arm/cpu/armv7/socfpga/libsocfpga.o
 .text.reset_deassert_all_peripherals
[...]
Memory Configuration

Name             Origin             Length             Attributes
.sram            0x00000000ffff0000 0x0000000000010000
.sdram           0x0000000001f00000 0x0000000000100000
*default*        0x0000000000000000 0xffffffffffffffff

Linker script and memory map


.text           0x00000000ffff0000     0x7c24
 arch/arm/cpu/armv7/start.o(.text)
 .text          0x00000000ffff0000      0x164 arch/arm/cpu/armv7/start.o
                0x00000000ffff0000                _start
                0x00000000ffff0040                _end_vect
                0x00000000ffff0050                _TEXT_BASE
                0x00000000ffff0054                _bss_start_ofs
                0x00000000ffff0058                _image_copy_end_ofs
                0x00000000ffff005c                _bss_end_ofs
                0x00000000ffff0060                _end_ofs
                0x00000000ffff0064                IRQ_STACK_START
                0x00000000ffff0068                FIQ_STACK_START
                0x00000000ffff006c                IRQ_STACK_START_IN
                0x00000000ffff00a4                c_runtime_cpu_setup
                0x00000000ffff00c0                cpu_init_cp15
                0x00000000ffff0104                cpu_init_crit
 *(.text*)
 .text.downcase
                0x00000000ffff0164       0x18 fs/fat/libfat.o
 .text.disk_read
                0x00000000ffff017c       0x30 fs/fat/libfat.o
 .text.get_fatent
                0x00000000ffff01ac       0xcc fs/fat/libfat.o
 .text.mkcksum  0x00000000ffff0278       0x36 fs/fat/libfat.o
 *fill*         0x00000000ffff02ae        0x2 
 .text.get_cluster
                0x00000000ffff02b0       0xf0 fs/fat/libfat.o
 .text.get_name
                0x00000000ffff03a0       0x70 fs/fat/libfat.o
 .text.read_bootsectandvi
                0x00000000ffff0410       0xb4 fs/fat/libfat.o
 .text.slot2str
                0x00000000ffff04c4       0x5c fs/fat/libfat.o
 .text.get_vfatname
                0x00000000ffff0520      0x104 fs/fat/libfat.o
 .text.fat_set_blk_dev
                0x00000000ffff0624       0x88 fs/fat/libfat.o
                0x00000000ffff0624                fat_set_blk_dev
 .text.fat_register_device
                0x00000000ffff06ac       0x50 fs/fat/libfat.o
                0x00000000ffff06ac                fat_register_device
 .text.do_fat_read_at
                0x00000000ffff06fc      0x750 fs/fat/libfat.o
                0x00000000ffff06fc                do_fat_read_at
 .text.file_fat_read_at
                0x00000000ffff0e4c       0x2c fs/fat/libfat.o
                0x00000000ffff0e4c                file_fat_read_at
 .text.file_fat_read
                0x00000000ffff0e78        0xa fs/fat/libfat.o
                0x00000000ffff0e78                file_fat_read
 *fill*         0x00000000ffff0e82        0x2 
 .text          0x00000000ffff0e84       0x18 arch/arm/cpu/armv7/libarmv7.o
                0x00000000ffff0e84                lowlevel_init
 .text.flush_dcache_range
                0x00000000ffff0e9c        0x2 arch/arm/cpu/armv7/libarmv7.o
                0x00000000ffff0e9c                flush_dcache_range
 *fill*         0x00000000ffff0e9e        0x2 
 .text          0x00000000ffff0ea0      0x198 arch/arm/cpu/armv7/socfpga/libsocfpga.o
                0x00000000ffff0ea0                save_boot_params
                0x00000000ffff0ef4                relocate_stack_to_sdram
                0x00000000ffff0f28                fpgamgr_axi_write
                0x00000000ffff0f78                reset_clock_manager
                0x00000000ffff1020                reset_clock_manager_size
 .text.s_init   0x00000000ffff1038       0x54 arch/arm/cpu/armv7/socfpga/libsocfpga.o
                0x00000000ffff1038                s_init
 .text.timer_init
                0x00000000ffff108c       0x1c arch/arm/cpu/armv7/socfpga/libsocfpga.o
                0x00000000ffff108c                timer_init
 .text.__udelay
                0x00000000ffff10a8       0x3c arch/arm/cpu/armv7/socfpga/libsocfpga.o
                0x00000000ffff10a8                __udelay
 .text.get_timer_masked
                0x00000000ffff10e4       0x40 arch/arm/cpu/armv7/socfpga/libsocfpga.o
                0x00000000ffff10e4                get_timer_masked
 .text.get_timer
                0x00000000ffff1124        0xc arch/arm/cpu/armv7/socfpga/libsocfpga.o
                0x00000000ffff1124                get_timer
 .text.reset_timer
                0x00000000ffff1130       0x24 arch/arm/cpu/armv7/socfpga/libsocfpga.o
                0x00000000ffff1130                reset_timer
 .text.get_timer_count_masked
                0x00000000ffff1154       0x30 arch/arm/cpu/armv7/socfpga/libsocfpga.o
                0x00000000ffff1154                get_timer_count_masked
 .text.get_timer_count
                0x00000000ffff1184        0xc arch/arm/cpu/armv7/socfpga/libsocfpga.o
                0x00000000ffff1184                get_timer_count
 .text.reset_timer_count
                0x00000000ffff1190       0x14 arch/arm/cpu/armv7/socfpga/libsocfpga.o
                0x00000000ffff1190                reset_timer_count
 .text.watchdog_disable
                0x00000000ffff11a4       0x18 arch/arm/cpu/armv7/socfpga/libsocfpga.o
                0x00000000ffff11a4                watchdog_disable
 .text.is_wdt_in_reset
                0x00000000ffff11bc       0x10 arch/arm/cpu/armv7/socfpga/libsocfpga.o
                0x00000000ffff11bc                is_wdt_in_reset
 .text.reset_deassert_osc1timer0
                0x00000000ffff11cc       0x10 arch/arm/cpu/armv7/socfpga/libsocfpga.o
                0x00000000ffff11cc                reset_deassert_osc1timer0
 .text.reset_deassert_osc1wd0
                0x00000000ffff11dc       0x10 arch/arm/cpu/armv7/socfpga/libsocfpga.o
                0x00000000ffff11dc                reset_deassert_osc1wd0
 .text.reset_assert_all_bridges
                0x00000000ffff11ec       0x10 arch/arm/cpu/armv7/socfpga/libsocfpga.o
                0x00000000ffff11ec                reset_assert_all_bridges
 .text.reset_assert_all_peripherals_except_l4wd0
                0x00000000ffff11fc       0x10 arch/arm/cpu/armv7/socfpga/libsocfpga.o
                0x00000000ffff11fc                reset_assert_all_peripherals_except_l4wd0
 .text.reset_deassert_peripherals_handoff
                0x00000000ffff120c       0x2c arch/arm/cpu/armv7/socfpga/libsocfpga.o
                0x00000000ffff120c                reset_deassert_peripherals_handoff
 .text.reset_deassert_bridges_handoff
                0x00000000ffff1238       0x28 arch/arm/cpu/armv7/socfpga/libsocfpga.o
                0x00000000ffff1238                reset_deassert_bridges_handoff
 .text.compute_errata_rows
                0x00000000ffff1260      0x108 arch/arm/cpu/armv7/socfpga/libsocfpga.o
                0x00000000ffff1260                compute_errata_rows
 .text.sdram_set_rule
                0x00000000ffff1368       0x60 arch/arm/cpu/armv7/socfpga/libsocfpga.o
                0x00000000ffff1368                sdram_set_rule
 .text.sdram_get_rule
                0x00000000ffff13c8       0x60 arch/arm/cpu/armv7/socfpga/libsocfpga.o
                0x00000000ffff13c8                sdram_get_rule
 .text.sdram_set_protection_config
                0x00000000ffff1428       0x7c arch/arm/cpu/armv7/socfpga/libsocfpga.o
                0x00000000ffff1428                sdram_set_protection_config
 .text.sdram_dump_protection_config
                0x00000000ffff14a4       0x14 arch/arm/cpu/armv7/socfpga/libsocfpga.o
                0x00000000ffff14a4                sdram_dump_protection_config
 .text.sdram_calibration_full
                0x00000000ffff14b8        0x4 arch/arm/cpu/armv7/socfpga/libsocfpga.o
                0x00000000ffff14b8                sdram_calibration_full
 .text.sdram_calculate_size
                0x00000000ffff14bc       0x4c arch/arm/cpu/armv7/socfpga/libsocfpga.o
                0x00000000ffff14bc                sdram_calculate_size
 .text.sdram_mmr_init_full
                0x00000000ffff1508      0x424 arch/arm/cpu/armv7/socfpga/libsocfpga.o
                0x00000000ffff1508                sdram_mmr_init_full
 .text.is_fpgamgr_initdone_high
                0x00000000ffff192c       0x10 arch/arm/cpu/armv7/socfpga/libsocfpga.o
 .text.fpgamgr_get_mode
                0x00000000ffff193c       0x10 arch/arm/cpu/armv7/socfpga/libsocfpga.o
 .text.is_fpgamgr_fpga_ready
                0x00000000ffff194c       0x20 arch/arm/cpu/armv7/socfpga/libsocfpga.o
                0x00000000ffff194c                is_fpgamgr_fpga_ready
 .text.gic_dic_clear_enable_all_intr
                0x00000000ffff196c       0x28 arch/arm/cpu/armv7/socfpga/libsocfpga.o
                0x00000000ffff196c                gic_dic_clear_enable_all_intr
 .text.gic_dic_clear_pending_all_intr
                0x00000000ffff1994       0x28 arch/arm/cpu/armv7/socfpga/libsocfpga.o
                0x00000000ffff1994                gic_dic_clear_pending_all_intr
 .text.gic_dic_set_enable
                0x00000000ffff19bc       0x1e arch/arm/cpu/armv7/socfpga/libsocfpga.o
                0x00000000ffff19bc                gic_dic_set_enable
 .text.gic_dic_set_target_processor
                0x00000000ffff19da       0x2c arch/arm/cpu/armv7/socfpga/libsocfpga.o
                0x00000000ffff19da                gic_dic_set_target_processor
 .text.gic_dic_set_config
                0x00000000ffff1a06       0x30 arch/arm/cpu/armv7/socfpga/libsocfpga.o
                0x00000000ffff1a06                gic_dic_set_config
 .text.gic_dic_clear_pending
                0x00000000ffff1a36       0x1e arch/arm/cpu/armv7/socfpga/libsocfpga.o
                0x00000000ffff1a36                gic_dic_clear_pending
 .text.do_irq   0x00000000ffff1a54       0x2c arch/arm/cpu/armv7/socfpga/libsocfpga.o
                0x00000000ffff1a54                do_irq
 .text.arch_interrupt_init
                0x00000000ffff1a80       0x34 arch/arm/cpu/armv7/socfpga/libsocfpga.o
                0x00000000ffff1a80                arch_interrupt_init
 .text.irq_register
                0x00000000ffff1ab4       0x2c arch/arm/cpu/armv7/socfpga/libsocfpga.o
                0x00000000ffff1ab4                irq_register
 .text.cm_basic_init
                0x00000000ffff1ae0      0x2c0 arch/arm/cpu/armv7/socfpga/libsocfpga.o
                0x00000000ffff1ae0                cm_basic_init
 .text.cm_get_mpu_clk_hz
                0x00000000ffff1da0       0x40 arch/arm/cpu/armv7/socfpga/libsocfpga.o
                0x00000000ffff1da0                cm_get_mpu_clk_hz
 .text.cm_get_sdram_clk_hz
                0x00000000ffff1de0       0x44 arch/arm/cpu/armv7/socfpga/libsocfpga.o
                0x00000000ffff1de0                cm_get_sdram_clk_hz
 .text.cm_get_l4_sp_clk_hz
                0x00000000ffff1e24       0x8c arch/arm/cpu/armv7/socfpga/libsocfpga.o
                0x00000000ffff1e24                cm_get_l4_sp_clk_hz
 .text.cm_get_mmc_controller_clk_hz
                0x00000000ffff1eb0       0x7c arch/arm/cpu/armv7/socfpga/libsocfpga.o
                0x00000000ffff1eb0                cm_get_mmc_controller_clk_hz
 .text.cm_get_qspi_controller_clk_hz
                0x00000000ffff1f2c       0x7c arch/arm/cpu/armv7/socfpga/libsocfpga.o
                0x00000000ffff1f2c                cm_get_qspi_controller_clk_hz
 .text.cm_print_clock_quick_summary
                0x00000000ffff1fa8       0xac arch/arm/cpu/armv7/socfpga/libsocfpga.o
                0x00000000ffff1fa8                cm_print_clock_quick_summary
 .text.cm_derive_clocks_for_drivers
                0x00000000ffff2054       0x1c arch/arm/cpu/armv7/socfpga/libsocfpga.o
                0x00000000ffff2054                cm_derive_clocks_for_drivers
 .text.board_init_f
                0x00000000ffff2070       0x1c arch/arm/cpu/armv7/socfpga/libsocfpga.o
                0x00000000ffff2070                board_init_f
 .text.spl_boot_device
                0x00000000ffff208c        0x4 arch/arm/cpu/armv7/socfpga/libsocfpga.o
                0x00000000ffff208c                spl_boot_device
 .text.spl_boot_mode
                0x00000000ffff2090        0x4 arch/arm/cpu/armv7/socfpga/libsocfpga.o
                0x00000000ffff2090                spl_boot_mode
 .text.spl_board_init
                0x00000000ffff2094      0x228 arch/arm/cpu/armv7/socfpga/libsocfpga.o
                0x00000000ffff2094                spl_board_init
 .text.sys_mgr_frzctrl_freeze_req
                0x00000000ffff22bc       0x98 arch/arm/cpu/armv7/socfpga/libsocfpga.o
                0x00000000ffff22bc                sys_mgr_frzctrl_freeze_req
 .text.sys_mgr_frzctrl_thaw_req
                0x00000000ffff2354       0xf4 arch/arm/cpu/armv7/socfpga/libsocfpga.o
                0x00000000ffff2354                sys_mgr_frzctrl_thaw_req
 .text.sys_mgr_frzctrl_frzchn_is_frozen
                0x00000000ffff2448       0x14 arch/arm/cpu/armv7/socfpga/libsocfpga.o
                0x00000000ffff2448                sys_mgr_frzctrl_frzchn_is_frozen
 .text.irq_handler_ecc_ocram_corrected
                0x00000000ffff245c       0x24 arch/arm/cpu/armv7/socfpga/libsocfpga.o
                0x00000000ffff245c                irq_handler_ecc_ocram_corrected
 .text.irq_handler_ecc_ocram_uncorrected
                0x00000000ffff2480       0x28 arch/arm/cpu/armv7/socfpga/libsocfpga.o
                0x00000000ffff2480                irq_handler_ecc_ocram_uncorrected
 .text.nic301_slave_ns
                0x00000000ffff24a8       0x20 arch/arm/cpu/armv7/socfpga/libsocfpga.o
                0x00000000ffff24a8                nic301_slave_ns
 .text.scan_mgr_io_scan_chain_prg
                0x00000000ffff24c8      0x148 arch/arm/cpu/armv7/socfpga/libsocfpga.o
                0x00000000ffff24c8                scan_mgr_io_scan_chain_prg
 .text.sysmgr_pinmux_init
                0x00000000ffff2610       0xbc arch/arm/cpu/armv7/socfpga/libsocfpga.o
                0x00000000ffff2610                sysmgr_pinmux_init
 .text.sysmgr_sdmmc_pweren_mux_check
                0x00000000ffff26cc       0x18 arch/arm/cpu/armv7/socfpga/libsocfpga.o
                0x00000000ffff26cc                sysmgr_sdmmc_pweren_mux_check
 .text.cpu_mmc_init
                0x00000000ffff26e4       0x10 arch/arm/cpu/armv7/socfpga/libsocfpga.o
                0x00000000ffff26e4                cpu_mmc_init
 .text.ram_boot_setup
                0x00000000ffff26f4       0x4c arch/arm/cpu/armv7/socfpga/libsocfpga.o
                0x00000000ffff26f4                ram_boot_setup
 .text          0x00000000ffff2740       0x20 arch/arm/lib/libarm.o
                0x00000000ffff2740                _main
 .text.interrupt_init
                0x00000000ffff2760       0x20 arch/arm/lib/libarm.o
                0x00000000ffff2760                interrupt_init
 .text.enable_interrupts
                0x00000000ffff2780        0xe arch/arm/lib/libarm.o
                0x00000000ffff2780                enable_interrupts
 *fill*         0x00000000ffff278e        0x2 
 .text.checkboard
                0x00000000ffff2790       0x10 board/altera/socfpga/libsocfpga.o
                0x00000000ffff2790                checkboard
 .text.set_failing_group_stage
                0x00000000ffff27a0       0x18 board/altera/socfpga/sdram/libsocfpga-sdram.o
 .text.scc_mgr_set_oct_out1_delay
                0x00000000ffff27b8       0x90 board/altera/socfpga/sdram/libsocfpga-sdram.o
 .text.initialize
                0x00000000ffff2848       0x40 board/altera/socfpga/sdram/libsocfpga-sdram.o
                0x00000000ffff2848                initialize
 .text.set_rank_and_odt_mask
                0x00000000ffff2888       0x20 board/altera/socfpga/sdram/libsocfpga-sdram.o
                0x00000000ffff2888                set_rank_and_odt_mask
 .text.scc_mgr_initialize
                0x00000000ffff28a8       0x20 board/altera/socfpga/sdram/libsocfpga-sdram.o
                0x00000000ffff28a8                scc_mgr_initialize
 .text.scc_mgr_set_dqs_en_phase_all_ranks
                0x00000000ffff28c8       0x8c board/altera/socfpga/sdram/libsocfpga-sdram.o
                0x00000000ffff28c8                scc_mgr_set_dqs_en_phase_all_ranks
 .text.scc_mgr_set_dqdqs_output_phase_all_ranks
                0x00000000ffff2954       0x8c board/altera/socfpga/sdram/libsocfpga-sdram.o
                0x00000000ffff2954                scc_mgr_set_dqdqs_output_phase_all_ranks
 .text.scc_mgr_set_dqs_en_delay_all_ranks
                0x00000000ffff29e0       0x8c board/altera/socfpga/sdram/libsocfpga-sdram.o
                0x00000000ffff29e0                scc_mgr_set_dqs_en_delay_all_ranks
 .text.scc_mgr_zero_all
                0x00000000ffff2a6c       0x74 board/altera/socfpga/sdram/libsocfpga-sdram.o
                0x00000000ffff2a6c                scc_mgr_zero_all
 .text.scc_set_bypass_mode
                0x00000000ffff2ae0       0x28 board/altera/socfpga/sdram/libsocfpga-sdram.o
                0x00000000ffff2ae0                scc_set_bypass_mode
 .text.scc_mgr_load_dqs_for_write_group
                0x00000000ffff2b08       0x1c board/altera/socfpga/sdram/libsocfpga-sdram.o
                0x00000000ffff2b08                scc_mgr_load_dqs_for_write_group
 .text.scc_mgr_zero_group
                0x00000000ffff2b24       0x88 board/altera/socfpga/sdram/libsocfpga-sdram.o
                0x00000000ffff2b24                scc_mgr_zero_group
 .text.scc_mgr_apply_group_dq_in_delay
                0x00000000ffff2bac       0x94 board/altera/socfpga/sdram/libsocfpga-sdram.o
                0x00000000ffff2bac                scc_mgr_apply_group_dq_in_delay
 .text.scc_mgr_apply_group_dq_out1_delay
                0x00000000ffff2c40       0x28 board/altera/socfpga/sdram/libsocfpga-sdram.o
                0x00000000ffff2c40                scc_mgr_apply_group_dq_out1_delay
 .text.scc_mgr_apply_group_dm_out1_delay
                0x00000000ffff2c68       0x10 board/altera/socfpga/sdram/libsocfpga-sdram.o
                0x00000000ffff2c68                scc_mgr_apply_group_dm_out1_delay
 .text.scc_mgr_apply_group_dqs_io_and_oct_out1
                0x00000000ffff2c78       0x20 board/altera/socfpga/sdram/libsocfpga-sdram.o
                0x00000000ffff2c78                scc_mgr_apply_group_dqs_io_and_oct_out1
 .text.scc_mgr_apply_group_all_out_delay_add
                0x00000000ffff2c98       0x44 board/altera/socfpga/sdram/libsocfpga-sdram.o
                0x00000000ffff2c98                scc_mgr_apply_group_all_out_delay_add
 .text.scc_mgr_apply_group_all_out_delay_add_all_ranks
                0x00000000ffff2cdc       0x14 board/altera/socfpga/sdram/libsocfpga-sdram.o
                0x00000000ffff2cdc                scc_mgr_apply_group_all_out_delay_add_all_ranks
 .text.set_jump_as_return
                0x00000000ffff2cf0       0x14 board/altera/socfpga/sdram/libsocfpga-sdram.o
                0x00000000ffff2cf0                set_jump_as_return
 .text.rw_mgr_mem_initialize
                0x00000000ffff2d04      0x124 board/altera/socfpga/sdram/libsocfpga-sdram.o
                0x00000000ffff2d04                rw_mgr_mem_initialize
 .text.rw_mgr_mem_handoff
                0x00000000ffff2e28       0x7c board/altera/socfpga/sdram/libsocfpga-sdram.o
                0x00000000ffff2e28                rw_mgr_mem_handoff
 .text.rw_mgr_mem_calibrate_read_test_patterns
                0x00000000ffff2ea4      0x188 board/altera/socfpga/sdram/libsocfpga-sdram.o
                0x00000000ffff2ea4                rw_mgr_mem_calibrate_read_test_patterns
 .text.rw_mgr_mem_calibrate_read_test_patterns_all_ranks
                0x00000000ffff302c       0x48 board/altera/socfpga/sdram/libsocfpga-sdram.o
                0x00000000ffff302c                rw_mgr_mem_calibrate_read_test_patterns_all_ranks
 .text.rw_mgr_mem_calibrate_read_load_patterns
                0x00000000ffff3074       0x88 board/altera/socfpga/sdram/libsocfpga-sdram.o
                0x00000000ffff3074                rw_mgr_mem_calibrate_read_load_patterns
 .text.rw_mgr_mem_calibrate_read_test
                0x00000000ffff30fc      0x228 board/altera/socfpga/sdram/libsocfpga-sdram.o
                0x00000000ffff30fc                rw_mgr_mem_calibrate_read_test
 .text.rw_mgr_decr_vfifo
                0x00000000ffff3324       0x1c board/altera/socfpga/sdram/libsocfpga-sdram.o
                0x00000000ffff3324                rw_mgr_decr_vfifo
 .text.rw_mgr_mem_calibrate_vfifo_find_dqs_en_phase
                0x00000000ffff3340      0x368 board/altera/socfpga/sdram/libsocfpga-sdram.o
                0x00000000ffff3340                rw_mgr_mem_calibrate_vfifo_find_dqs_en_phase
 .text.rw_mgr_mem_calibrate_lfifo
                0x00000000ffff36a8       0xa8 board/altera/socfpga/sdram/libsocfpga-sdram.o
                0x00000000ffff36a8                rw_mgr_mem_calibrate_lfifo
 .text.rw_mgr_mem_calibrate_write_test_issue
                0x00000000ffff3750      0x120 board/altera/socfpga/sdram/libsocfpga-sdram.o
                0x00000000ffff3750                rw_mgr_mem_calibrate_write_test_issue
 .text.rw_mgr_mem_calibrate_write_test
                0x00000000ffff3870       0x9c board/altera/socfpga/sdram/libsocfpga-sdram.o
                0x00000000ffff3870                rw_mgr_mem_calibrate_write_test
 .text.rw_mgr_mem_calibrate_vfifo_center
                0x00000000ffff390c      0x734 board/altera/socfpga/sdram/libsocfpga-sdram.o
                0x00000000ffff390c                rw_mgr_mem_calibrate_vfifo_center
 .text.rw_mgr_mem_calibrate_vfifo
                0x00000000ffff4040      0x390 board/altera/socfpga/sdram/libsocfpga-sdram.o
                0x00000000ffff4040                rw_mgr_mem_calibrate_vfifo
 .text.rw_mgr_mem_calibrate_vfifo_end
                0x00000000ffff43d0       0x60 board/altera/socfpga/sdram/libsocfpga-sdram.o
                0x00000000ffff43d0                rw_mgr_mem_calibrate_vfifo_end
 .text.rw_mgr_mem_calibrate_writes_center
                0x00000000ffff4430      0x3bc board/altera/socfpga/sdram/libsocfpga-sdram.o
                0x00000000ffff4430                rw_mgr_mem_calibrate_writes_center
 .text.rw_mgr_mem_calibrate_writes
                0x00000000ffff47ec       0x48 board/altera/socfpga/sdram/libsocfpga-sdram.o
                0x00000000ffff47ec                rw_mgr_mem_calibrate_writes
 .text.mem_precharge_and_activate
                0x00000000ffff4834       0x48 board/altera/socfpga/sdram/libsocfpga-sdram.o
                0x00000000ffff4834                mem_precharge_and_activate
 .text.mem_config
                0x00000000ffff487c       0x50 board/altera/socfpga/sdram/libsocfpga-sdram.o
                0x00000000ffff487c                mem_config
 .text.mem_skip_calibrate
                0x00000000ffff48cc       0xb4 board/altera/socfpga/sdram/libsocfpga-sdram.o
                0x00000000ffff48cc                mem_skip_calibrate
 .text.mem_calibrate
                0x00000000ffff4980      0x154 board/altera/socfpga/sdram/libsocfpga-sdram.o
                0x00000000ffff4980                mem_calibrate
 .text.run_mem_calibrate
                0x00000000ffff4ad4       0xe4 board/altera/socfpga/sdram/libsocfpga-sdram.o
                0x00000000ffff4ad4                run_mem_calibrate
 .text.hc_initialize_rom_data
                0x00000000ffff4bb8      0x134 board/altera/socfpga/sdram/libsocfpga-sdram.o
                0x00000000ffff4bb8                hc_initialize_rom_data
 .text.initialize_reg_file
                0x00000000ffff4cec       0x2c board/altera/socfpga/sdram/libsocfpga-sdram.o
                0x00000000ffff4cec                initialize_reg_file
 .text.initialize_hps_phy
                0x00000000ffff4d18       0x20 board/altera/socfpga/sdram/libsocfpga-sdram.o
                0x00000000ffff4d18                initialize_hps_phy
 .text.initialize_tracking
                0x00000000ffff4d38       0x40 board/altera/socfpga/sdram/libsocfpga-sdram.o
                0x00000000ffff4d38                initialize_tracking
 .text.sdram_calibration
                0x00000000ffff4d78       0x78 board/altera/socfpga/sdram/libsocfpga-sdram.o
                0x00000000ffff4d78                sdram_calibration
 .text.puts     0x00000000ffff4df0       0x28 common/libcommon.o
                0x00000000ffff4df0                puts
 .text.printf   0x00000000ffff4e18       0x2c common/libcommon.o
                0x00000000ffff4e18                printf
 .text.sbrk     0x00000000ffff4e44       0x44 common/libcommon.o
                0x00000000ffff4e44                sbrk
 .text.mem_malloc_init
                0x00000000ffff4e88       0x28 common/libcommon.o
                0x00000000ffff4e88                mem_malloc_init
 .text.malloc_trim
                0x00000000ffff4eb0       0x80 common/libcommon.o
                0x00000000ffff4eb0                malloc_trim
 .text.free     0x00000000ffff4f30      0x15c common/libcommon.o
                0x00000000ffff4f30                free
 .text.malloc   0x00000000ffff508c      0x3ec common/libcommon.o
                0x00000000ffff508c                malloc
 .text.calloc   0x00000000ffff5478       0x88 common/libcommon.o
                0x00000000ffff5478                calloc
 .text.memalign
                0x00000000ffff5500       0xc2 common/libcommon.o
                0x00000000ffff5500                memalign
 *fill*         0x00000000ffff55c2        0x2 
 .text.hang     0x00000000ffff55c4       0x10 common/spl/libspl.o
                0x00000000ffff55c4                hang
 .text.spl_parse_image_header
                0x00000000ffff55d4       0x74 common/spl/libspl.o
                0x00000000ffff55d4                spl_parse_image_header
 .text.jump_to_image_no_args
                0x00000000ffff5648       0x54 common/spl/libspl.o
                0x00000000ffff5648                jump_to_image_no_args
 .text.board_init_r
                0x00000000ffff569c       0x40 common/spl/libspl.o
                0x00000000ffff569c                board_init_r
 .text.preloader_console_init
                0x00000000ffff56dc       0x2c common/spl/libspl.o
                0x00000000ffff56dc                preloader_console_init
 .text.init_part
                0x00000000ffff5708       0x14 disk/libdisk.o
                0x00000000ffff5708                init_part
 .text.get_partition_info
                0x00000000ffff571c       0x1c disk/libdisk.o
                0x00000000ffff571c                get_partition_info
 .text.test_block_type
                0x00000000ffff5738       0x48 disk/libdisk.o
 .text.get_partition_info_extended.constprop.1
                0x00000000ffff5780      0x1cc disk/libdisk.o
 .text.test_part_dos
                0x00000000ffff594c       0x42 disk/libdisk.o
                0x00000000ffff594c                test_part_dos
 .text.get_partition_info_dos
                0x00000000ffff598e       0x16 disk/libdisk.o
                0x00000000ffff598e                get_partition_info_dos
 .text.spl_mmc_load_image
                0x00000000ffff59a4      0x198 drivers/mmc/libmmc.o
                0x00000000ffff59a4                spl_mmc_load_image
 .text.mmc_set_ios
                0x00000000ffff5b3c        0x6 drivers/mmc/libmmc.o
 .text.mmc_send_cmd
                0x00000000ffff5b42       0x22 drivers/mmc/libmmc.o
 .text.mmc_send_ext_csd
                0x00000000ffff5b64       0x2e drivers/mmc/libmmc.o
 .text.mmc_go_idle
                0x00000000ffff5b92       0x32 drivers/mmc/libmmc.o
 .text.mmc_send_status.constprop.5
                0x00000000ffff5bc4       0x84 drivers/mmc/libmmc.o
 .text.mmc_switch.isra.0
                0x00000000ffff5c48       0x30 drivers/mmc/libmmc.o
 .text.__board_mmc_getcd
                0x00000000ffff5c78        0x6 drivers/mmc/libmmc.o
                0x00000000ffff5c78                __board_mmc_getcd
                0x00000000ffff5c78                board_mmc_getcd
 *fill*         0x00000000ffff5c7e        0x2 
 .text.find_mmc_device
                0x00000000ffff5c80       0x30 drivers/mmc/libmmc.o
                0x00000000ffff5c80                find_mmc_device
 .text.mmc_berase
                0x00000000ffff5cb0      0x10c drivers/mmc/libmmc.o
 .text.mmc_bwrite
                0x00000000ffff5dbc       0xf8 drivers/mmc/libmmc.o
 .text.mmc_bread
                0x00000000ffff5eb4       0xe0 drivers/mmc/libmmc.o
 .text.mmc_getcd
                0x00000000ffff5f94       0x1c drivers/mmc/libmmc.o
                0x00000000ffff5f94                mmc_getcd
 .text.mmc_set_clock
                0x00000000ffff5fb0       0x16 drivers/mmc/libmmc.o
                0x00000000ffff5fb0                mmc_set_clock
 *fill*         0x00000000ffff5fc6        0x2 
 .text.mmc_startup
                0x00000000ffff5fc8      0x60c drivers/mmc/libmmc.o
 .text.mmc_register
                0x00000000ffff65d4       0x60 drivers/mmc/libmmc.o
                0x00000000ffff65d4                mmc_register
 .text.mmc_init
                0x00000000ffff6634      0x224 drivers/mmc/libmmc.o
                0x00000000ffff6634                mmc_init
 .text.__def_mmc_init
                0x00000000ffff6858        0x6 drivers/mmc/libmmc.o
                0x00000000ffff6858                board_mmc_init
 *fill*         0x00000000ffff685e        0x2 
 .text.print_mmc_devices
                0x00000000ffff6860       0x50 drivers/mmc/libmmc.o
                0x00000000ffff6860                print_mmc_devices
 .text.mmc_initialize
                0x00000000ffff68b0       0x30 drivers/mmc/libmmc.o
                0x00000000ffff68b0                mmc_initialize
 .text.dwmci_set_ios
                0x00000000ffff68e0       0xac drivers/mmc/libmmc.o
 .text.dwmci_send_cmd
                0x00000000ffff698c      0x1d8 drivers/mmc/libmmc.o
 .text.dwmci_init
                0x00000000ffff6b64       0x6e drivers/mmc/libmmc.o
 *fill*         0x00000000ffff6bd2        0x2 
 .text.add_dwmci
                0x00000000ffff6bd4       0x98 drivers/mmc/libmmc.o
                0x00000000ffff6bd4                add_dwmci
 .text.altera_dwmci_clksel
                0x00000000ffff6c6c       0x24 drivers/mmc/libmmc.o
 .text.altera_dwmmc_init
                0x00000000ffff6c90       0x58 drivers/mmc/libmmc.o
                0x00000000ffff6c90                altera_dwmmc_init
 .text.NS16550_init
                0x00000000ffff6ce8       0x30 drivers/serial/libserial.o
                0x00000000ffff6ce8                NS16550_init
 .text.NS16550_reinit
                0x00000000ffff6d18       0x30 drivers/serial/libserial.o
                0x00000000ffff6d18                NS16550_reinit
 .text.NS16550_putc
                0x00000000ffff6d48       0x14 drivers/serial/libserial.o
                0x00000000ffff6d48                NS16550_putc
 .text.NS16550_getc
                0x00000000ffff6d5c       0x18 drivers/serial/libserial.o
                0x00000000ffff6d5c                NS16550_getc
 .text.NS16550_tstc
                0x00000000ffff6d74        0xa drivers/serial/libserial.o
                0x00000000ffff6d74                NS16550_tstc
 *fill*         0x00000000ffff6d7e        0x2 
 .text.get_current
                0x00000000ffff6d80       0x2c drivers/serial/libserial.o
 .text.serial_init
                0x00000000ffff6dac        0xe drivers/serial/libserial.o
                0x00000000ffff6dac                serial_init
 .text.serial_puts
                0x00000000ffff6dba       0x12 drivers/serial/libserial.o
                0x00000000ffff6dba                serial_puts
 .text.calc_divisor.isra.0
                0x00000000ffff6dcc       0x20 drivers/serial/libserial.o
 .text.eserial1_init
                0x00000000ffff6dec       0x18 drivers/serial/libserial.o
 .text._serial_putc
                0x00000000ffff6e04       0x2c drivers/serial/libserial.o
                0x00000000ffff6e04                _serial_putc
 .text.eserial1_putc
                0x00000000ffff6e30        0x6 drivers/serial/libserial.o
 .text._serial_puts
                0x00000000ffff6e36       0x16 drivers/serial/libserial.o
                0x00000000ffff6e36                _serial_puts
 .text.eserial1_puts
                0x00000000ffff6e4c        0x6 drivers/serial/libserial.o
 *fill*         0x00000000ffff6e52        0x2 
 .text._serial_getc
                0x00000000ffff6e54       0x14 drivers/serial/libserial.o
                0x00000000ffff6e54                _serial_getc
 .text.eserial1_getc
                0x00000000ffff6e68        0x6 drivers/serial/libserial.o
 *fill*         0x00000000ffff6e6e        0x2 
 .text._serial_tstc
                0x00000000ffff6e70       0x10 drivers/serial/libserial.o
                0x00000000ffff6e70                _serial_tstc
 .text.eserial1_tstc
                0x00000000ffff6e80        0x6 drivers/serial/libserial.o
 *fill*         0x00000000ffff6e86        0x2 
 .text._serial_setbrg
                0x00000000ffff6e88       0x20 drivers/serial/libserial.o
                0x00000000ffff6e88                _serial_setbrg
 .text.eserial1_setbrg
                0x00000000ffff6ea8        0x6 drivers/serial/libserial.o
 *fill*         0x00000000ffff6eae        0x2 
 .text.default_serial_console
                0x00000000ffff6eb0        0x8 drivers/serial/libserial.o
                0x00000000ffff6eb0                default_serial_console
 .text.designware_wdt_settimeout
                0x00000000ffff6eb8       0x38 drivers/watchdog/libwatchdog.o
                0x00000000ffff6eb8                designware_wdt_settimeout
 .text.hw_watchdog_reset
                0x00000000ffff6ef0       0x18 drivers/watchdog/libwatchdog.o
                0x00000000ffff6ef0                hw_watchdog_reset
 .text.hw_watchdog_init
                0x00000000ffff6f08       0x20 drivers/watchdog/libwatchdog.o
                0x00000000ffff6f08                hw_watchdog_init
 .text.crc32_no_comp
                0x00000000ffff6f28       0x8c lib/libgeneric.o
                0x00000000ffff6f28                crc32_no_comp
 .text.crc32    0x00000000ffff6fb4        0xc lib/libgeneric.o
                0x00000000ffff6fb4                crc32
 .text.crc32_wd
                0x00000000ffff6fc0       0x32 lib/libgeneric.o
                0x00000000ffff6fc0                crc32_wd
 .text.__div64_32
                0x00000000ffff6ff2       0x7e lib/libgeneric.o
                0x00000000ffff6ff2                __div64_32
 .text.strcpy   0x00000000ffff7070       0x10 lib/libgeneric.o
                0x00000000ffff7070                strcpy
 .text.strcmp   0x00000000ffff7080       0x16 lib/libgeneric.o
                0x00000000ffff7080                strcmp
 .text.strncmp  0x00000000ffff7096       0x22 lib/libgeneric.o
                0x00000000ffff7096                strncmp
 .text.strnlen  0x00000000ffff70b8       0x18 lib/libgeneric.o
                0x00000000ffff70b8                strnlen
 .text.memset   0x00000000ffff70d0       0x46 lib/libgeneric.o
                0x00000000ffff70d0                memset
 .text.memcpy   0x00000000ffff7116       0x4c lib/libgeneric.o
                0x00000000ffff7116                memcpy
 .text.memcmp   0x00000000ffff7162       0x1e lib/libgeneric.o
                0x00000000ffff7162                memcmp
 .text.udelay   0x00000000ffff7180       0x24 lib/libgeneric.o
                0x00000000ffff7180                udelay
 .text.put_dec_trunc
                0x00000000ffff71a4       0x9a lib/libgeneric.o
 *fill*         0x00000000ffff723e        0x2 
 .text.put_dec  0x00000000ffff7240       0xf0 lib/libgeneric.o
 .text.string.isra.0
                0x00000000ffff7330       0x60 lib/libgeneric.o
 .text.number.isra.4
                0x00000000ffff7390      0x1b0 lib/libgeneric.o
 .text.vsnprintf_internal.isra.6
                0x00000000ffff7540      0x408 lib/libgeneric.o
 .text.vsprintf
                0x00000000ffff7948        0x4 lib/libgeneric.o
                0x00000000ffff7948                vsprintf
 .text.sprintf  0x00000000ffff794c       0x1a lib/libgeneric.o
                0x00000000ffff794c                sprintf
 .text.raise    0x00000000ffff7966        0x4 /home/jan/ANNonFPGA/ANNonFPGA/QUARTUS/software/spl_bsp/uboot-socfpga/spl/arch/arm/lib/eabi_compat.o
                0x00000000ffff7966                raise
 *fill*         0x00000000ffff796a        0x6 
 .text          0x00000000ffff7970      0x278 /usr/lib/gcc-cross/arm-linux-gnueabihf/5/libgcc.a(_udivsi3.o)
                0x00000000ffff7970                __udivsi3
                0x00000000ffff7970                __aeabi_uidiv
                0x00000000ffff7bcc                __aeabi_uidivmod
 .text          0x00000000ffff7be8       0x18 /usr/lib/gcc-cross/arm-linux-gnueabihf/5/libgcc.a(_lshrdi3.o)
                0x00000000ffff7be8                __aeabi_llsr
                0x00000000ffff7be8                __lshrdi3
 .text          0x00000000ffff7c00       0x18 /usr/lib/gcc-cross/arm-linux-gnueabihf/5/libgcc.a(_ashldi3.o)
                0x00000000ffff7c00                __ashldi3
                0x00000000ffff7c00                __aeabi_llsl
 .text          0x00000000ffff7c18        0xc /usr/lib/gcc-cross/arm-linux-gnueabihf/5/libgcc.a(_dvmd_lnx.o)
                0x00000000ffff7c18                __aeabi_ldiv0
                0x00000000ffff7c18                __aeabi_idiv0

.glue_7         0x00000000ffff7c24        0x0
 .glue_7        0x00000000ffff7c24        0x0 linker stubs

.glue_7t        0x00000000ffff7c24        0x0
 .glue_7t       0x00000000ffff7c24        0x0 linker stubs

.vfp11_veneer   0x00000000ffff7c24        0x0
 .vfp11_veneer  0x00000000ffff7c24        0x0 linker stubs

.v4_bx          0x00000000ffff7c24        0x0
 .v4_bx         0x00000000ffff7c24        0x0 linker stubs

.iplt           0x00000000ffff7c24        0x0
 .iplt          0x00000000ffff7c24        0x0 arch/arm/cpu/armv7/start.o
                0x00000000ffff7c24                . = ALIGN (0x4)

.rodata         0x00000000ffff7c24     0x2336
 *(SORT(.rodata*))
 .rodata        0x00000000ffff7c24       0x68 arch/arm/cpu/armv7/socfpga/libsocfpga.o
 .rodata.ac_rom_init
                0x00000000ffff7c8c       0x90 board/altera/socfpga/sdram/libsocfpga-sdram.o
                0x00000000ffff7c8c                ac_rom_init
 .rodata.ac_rom_init_size
                0x00000000ffff7d1c        0x4 board/altera/socfpga/sdram/libsocfpga-sdram.o
                0x00000000ffff7d1c                ac_rom_init_size
 .rodata.crc_table
                0x00000000ffff7d20      0x400 lib/libgeneric.o
 .rodata.ext_csd_bits.6560
                0x00000000ffff8120        0xc drivers/mmc/libmmc.o
 .rodata.ext_to_hostcaps.6561
                0x00000000ffff812c        0xc drivers/mmc/libmmc.o
 .rodata.fbase  0x00000000ffff8138       0x10 drivers/mmc/libmmc.o
 .rodata.inst_rom_init
                0x00000000ffff8148      0x1fc board/altera/socfpga/sdram/libsocfpga-sdram.o
                0x00000000ffff8148                inst_rom_init
 .rodata.inst_rom_init_size
                0x00000000ffff8344        0x4 board/altera/socfpga/sdram/libsocfpga-sdram.o
                0x00000000ffff8344                inst_rom_init_size
 .rodata.iocsr_scan_chain0_table
                0x00000000ffff8348       0x60 board/altera/socfpga/libsocfpga.o
                0x00000000ffff8348                iocsr_scan_chain0_table
 .rodata.iocsr_scan_chain1_table
                0x00000000ffff83a8       0xd8 board/altera/socfpga/libsocfpga.o
                0x00000000ffff83a8                iocsr_scan_chain1_table
 .rodata.iocsr_scan_chain2_table
                0x00000000ffff8480       0x78 board/altera/socfpga/libsocfpga.o
                0x00000000ffff8480                iocsr_scan_chain2_table
 .rodata.iocsr_scan_chain3_table
                0x00000000ffff84f8      0x830 board/altera/socfpga/libsocfpga.o
                0x00000000ffff84f8                iocsr_scan_chain3_table
 .rodata.multipliers
                0x00000000ffff8d28       0x40 drivers/mmc/libmmc.o
 .rodata.serial_ports
                0x00000000ffff8d68       0x18 drivers/serial/libserial.o
 .rodata.widths.6562
                0x00000000ffff8d80        0xc drivers/mmc/libmmc.o
 .rodata._ctype
                0x00000000ffff8d8c      0x100 lib/libgeneric.o
                0x00000000ffff8d8c                _ctype
 .rodata.digits.6148
                0x00000000ffff8e8c       0x10 lib/libgeneric.o
 .rodata.hex_asc
                0x00000000ffff8e9c       0x11 lib/libgeneric.o
 .rodata.str1.1
                0x00000000ffff8ead      0x2a1 fs/fat/libfat.o
                                        0x2a6 (size before relaxing)
 .rodata.str1.1
                0x00000000ffff914e      0x59d arch/arm/cpu/armv7/socfpga/libsocfpga.o
 .rodata.str1.1
                0x00000000ffff96eb       0x88 board/altera/socfpga/libsocfpga.o
 .rodata.str1.1
                0x00000000ffff9773       0x64 board/altera/socfpga/sdram/libsocfpga-sdram.o
 .rodata.str1.1
                0x00000000ffff97d7       0x81 common/spl/libspl.o
 .rodata.str1.1
                0x00000000ffff9858      0x3da disk/libdisk.o
                                        0x424 (size before relaxing)
 .rodata.str1.1
                0x00000000ffff9c32      0x2ea drivers/mmc/libmmc.o
                                        0x2ec (size before relaxing)
 .rodata.str1.1
                0x00000000ffff9f1c       0x15 drivers/serial/libserial.o
 .rodata.str1.1
                0x00000000ffff9f31       0x29 lib/libgeneric.o

.rel.dyn        0x00000000ffff9f5c        0x0
 .rel.iplt      0x00000000ffff9f5c        0x0 arch/arm/cpu/armv7/start.o
                0x00000000ffff9f5c                . = ALIGN (0x4)

.data           0x00000000ffff9f60      0xed4
 *(SORT(.data*))
 .data          0x00000000ffff9f60       0x80 arch/arm/lib/libarm.o
                0x00000000ffff9f60                gdata
 .data          0x00000000ffff9fe0       0x14 arch/arm/cpu/armv7/socfpga/libsocfpga.o
                0x00000000ffff9fe0                cm_l4_sp_clock
                0x00000000ffff9fe4                cm_sdmmc_clock
                0x00000000ffff9fe8                cm_qspi_clock
                0x00000000ffff9fec                rst_mgr_status
                0x00000000ffff9ff0                debug_memory_write_addr
 .data.interrupt_vectors
                0x00000000ffff9ff4      0x6a0 arch/arm/cpu/armv7/socfpga/libsocfpga.o
                0x00000000ffff9ff4                interrupt_vectors
 .data.sys_mgr_init_table
                0x00000000ffffa694      0x33c board/altera/socfpga/libsocfpga.o
                0x00000000ffffa694                sys_mgr_init_table
 .data.av_      0x00000000ffffa9d0      0x408 common/libcommon.o
 .data.sbrk_base
                0x00000000ffffadd8        0x4 common/libcommon.o
 .data.trim_threshold
                0x00000000ffffaddc        0x4 common/libcommon.o
 .data          0x00000000ffffade0       0x20 common/spl/libspl.o
 .data.cur_dev_num
                0x00000000ffffae00        0x4 drivers/mmc/libmmc.o
 .data.eserial1_device
                0x00000000ffffae04       0x30 drivers/serial/libserial.o
                0x00000000ffffae04                eserial1_device
                0x00000000ffffae34                __ecc_padding_start = .

.igot.plt       0x00000000ffffae34        0x0
 .igot.plt      0x00000000ffffae34        0x0 arch/arm/cpu/armv7/start.o
                0x00000000ffffae34                . = ALIGN (0x4)
                0x00000000ffffae34                __image_copy_end = .
                0x00000000ffffae34                _end = .

.bss_fat        0x0000000001f00000    0x30054
                0x0000000001f00000                __bss_fat_start = .
 fs/fat/libfat.o(.bss*)
 .bss.get_contents_vfatname_block
                0x0000000001f00000    0x10000 fs/fat/libfat.o
                0x0000000001f00000                get_contents_vfatname_block
 .bss.do_fat_read_at_block
                0x0000000001f10000    0x10000 fs/fat/libfat.o
                0x0000000001f10000                do_fat_read_at_block
 .bss.get_dentfromdir_block
                0x0000000001f20000    0x10000 fs/fat/libfat.o
                0x0000000001f20000                get_dentfromdir_block
 .bss.cur_part_info
                0x0000000001f30000       0x50 fs/fat/libfat.o
 .bss.cur_dev   0x0000000001f30050        0x4 fs/fat/libfat.o
                0x0000000001f30054                __bss_fat_end = .

.bss            0x00000000ffffae34       0xa4
                0x00000000ffffae34                . = ALIGN (0x4)
                0x00000000ffffae34                __bss_start = .
 *(.bss*)
 .bss.frzctrl_channel_freeze
                0x00000000ffffae34       0x10 arch/arm/cpu/armv7/socfpga/libsocfpga.o
 .bss.irq_cnt_ecc_ocram_corrected
                0x00000000ffffae44        0x4 arch/arm/cpu/armv7/socfpga/libsocfpga.o
                0x00000000ffffae44                irq_cnt_ecc_ocram_corrected
 .bss.irq_cnt_ecc_ocram_uncorrected
                0x00000000ffffae48        0x4 arch/arm/cpu/armv7/socfpga/libsocfpga.o
                0x00000000ffffae48                irq_cnt_ecc_ocram_uncorrected
 .bss.skip_delay_mask
                0x00000000ffffae4c        0x2 board/altera/socfpga/sdram/libsocfpga-sdram.o
                0x00000000ffffae4c                skip_delay_mask
 *fill*         0x00000000ffffae4e        0x2 
 .bss.param     0x00000000ffffae50        0x4 board/altera/socfpga/sdram/libsocfpga-sdram.o
                0x00000000ffffae50                param
 .bss.dyn_calib_steps
                0x00000000ffffae54        0x2 board/altera/socfpga/sdram/libsocfpga-sdram.o
                0x00000000ffffae54                dyn_calib_steps
 *fill*         0x00000000ffffae56        0x2 
 .bss.gbl       0x00000000ffffae58        0x4 board/altera/socfpga/sdram/libsocfpga-sdram.o
                0x00000000ffffae58                gbl
 .bss.max_total_mem
                0x00000000ffffae5c        0x4 common/libcommon.o
 .bss.mem_malloc_brk
                0x00000000ffffae60        0x4 common/libcommon.o
                0x00000000ffffae60                mem_malloc_brk
 .bss.max_sbrked_mem
                0x00000000ffffae64        0x4 common/libcommon.o
 .bss.current_mallinfo
                0x00000000ffffae68       0x28 common/libcommon.o
 .bss.mem_malloc_end
                0x00000000ffffae90        0x4 common/libcommon.o
                0x00000000ffffae90                mem_malloc_end
 .bss.top_pad   0x00000000ffffae94        0x4 common/libcommon.o
 .bss.mem_malloc_start
                0x00000000ffffae98        0x4 common/libcommon.o
                0x00000000ffffae98                mem_malloc_start
 .bss.stdio_devices
                0x00000000ffffae9c        0xc common/libcommon.o
                0x00000000ffffae9c                stdio_devices
 .bss.spl_image
                0x00000000ffffaea8       0x20 common/spl/libspl.o
                0x00000000ffffaea8                spl_image
 .bss.boot_params_ptr
                0x00000000ffffaec8        0x4 common/spl/libspl.o
                0x00000000ffffaec8                boot_params_ptr
 .bss.mmc_devices
                0x00000000ffffaecc        0x8 drivers/mmc/libmmc.o
 .bss.serial_current
                0x00000000ffffaed4        0x4 drivers/serial/libserial.o
                0x00000000ffffaed8                . = ALIGN (0x4)
                0x00000000ffffaed8                __bss_end__ = .
                0x00000000ffffaed8                __malloc_start = .
                0x00000000ffffaed8                __malloc_end = .

.malloc         0x0000000001f30054     0x1400
                0x0000000001f30054                __malloc_fat_start = .
                0x0000000001f31454                . = (. + 0x1400)
 *fill*         0x0000000001f30054     0x1400 
                0x0000000001f31454                __malloc_fat_end = .

.stack          0x00000000ffffaed8     0x1400
                0x00000000ffffc2d8                . = (. + 0x1400)
 *fill*         0x00000000ffffaed8     0x1400 
                0x00000000ffffc2d8                . = ALIGN (0x8)
                0x00000000ffffc2d8                __stack_start = .

.spl_irq_stack  0x00000000ffffc2d8      0x408
                0x00000000ffffc6d8                . = (. + 0x400)
 *fill*         0x00000000ffffc2d8      0x400 
                0x00000000ffffc6d8                . = ALIGN (0x8)
                0x00000000ffffc6d8                __irq_stack_start = .
                0x00000000ffffc6e0                . = (. + 0x8)
 *fill*         0x00000000ffffc6d8        0x8 
                0x00000000ffffc6e0                __ecc_padding_end = .

.sdram_stack    0x0000000001f31454    0x20000
                0x0000000001f31454                __sdram_stack_end = .
                0x0000000001f51454                . = (. + 0x20000)
 *fill*         0x0000000001f31454    0x20000 
                0x0000000001f51454                __sdram_stack_start = .
Address of section .text set to 0xffff0000
LOAD arch/arm/cpu/armv7/start.o
START GROUP
LOAD arch/arm/cpu/armv7/libarmv7.o
LOAD arch/arm/cpu/armv7/socfpga/libsocfpga.o
LOAD arch/arm/lib/libarm.o
LOAD board/altera/socfpga/libsocfpga.o
LOAD board/altera/socfpga/sdram/libsocfpga-sdram.o
LOAD common/libcommon.o
LOAD common/spl/libspl.o
LOAD disk/libdisk.o
LOAD drivers/dma/libdma.o
LOAD drivers/mmc/libmmc.o
LOAD drivers/serial/libserial.o
LOAD drivers/watchdog/libwatchdog.o
LOAD fs/fat/libfat.o
LOAD lib/libgeneric.o
END GROUP
LOAD /home/jan/ANNonFPGA/ANNonFPGA/QUARTUS/software/spl_bsp/uboot-socfpga/spl/arch/arm/lib/eabi_compat.o
LOAD /usr/lib/gcc-cross/arm-linux-gnueabihf/5/libgcc.a
OUTPUT(u-boot-spl elf32-littlearm)

.ARM.attributes
                0x0000000000000000       0x2b
 .ARM.attributes
                0x0000000000000000       0x1f arch/arm/cpu/armv7/start.o
 .ARM.attributes
                0x000000000000001f       0x2d fs/fat/libfat.o
 .ARM.attributes
                0x000000000000004c       0x2d arch/arm/cpu/armv7/libarmv7.o
 .ARM.attributes
                0x0000000000000079       0x2d arch/arm/cpu/armv7/socfpga/libsocfpga.o
 .ARM.attributes
                0x00000000000000a6       0x2b arch/arm/lib/libarm.o
 .ARM.attributes
                0x00000000000000d1       0x2d board/altera/socfpga/libsocfpga.o
 .ARM.attributes
                0x00000000000000fe       0x2d board/altera/socfpga/sdram/libsocfpga-sdram.o
 .ARM.attributes
                0x000000000000012b       0x2d common/libcommon.o
 .ARM.attributes
                0x0000000000000158       0x2d common/spl/libspl.o
 .ARM.attributes
                0x0000000000000185       0x2d disk/libdisk.o
 .ARM.attributes
                0x00000000000001b2       0x2d drivers/mmc/libmmc.o
 .ARM.attributes
                0x00000000000001df       0x2d drivers/serial/libserial.o
 .ARM.attributes
                0x000000000000020c       0x2d drivers/watchdog/libwatchdog.o
 .ARM.attributes
                0x0000000000000239       0x2d lib/libgeneric.o
 .ARM.attributes
                0x0000000000000266       0x2d /home/jan/ANNonFPGA/ANNonFPGA/QUARTUS/software/spl_bsp/uboot-socfpga/spl/arch/arm/lib/eabi_compat.o
 .ARM.attributes
                0x0000000000000293       0x21 /usr/lib/gcc-cross/arm-linux-gnueabihf/5/libgcc.a(_udivsi3.o)
 .ARM.attributes
                0x00000000000002b4       0x21 /usr/lib/gcc-cross/arm-linux-gnueabihf/5/libgcc.a(_lshrdi3.o)
 .ARM.attributes
                0x00000000000002d5       0x21 /usr/lib/gcc-cross/arm-linux-gnueabihf/5/libgcc.a(_ashldi3.o)
 .ARM.attributes
                0x00000000000002f6       0x21 /usr/lib/gcc-cross/arm-linux-gnueabihf/5/libgcc.a(_dvmd_lnx.o)

.comment        0x0000000000000000       0x3b
 .comment       0x0000000000000000       0x3b fs/fat/libfat.o
                                         0x3c (size before relaxing)
 .comment       0x000000000000003b       0xb4 arch/arm/cpu/armv7/libarmv7.o
 .comment       0x000000000000003b      0x3fc arch/arm/cpu/armv7/socfpga/libsocfpga.o
 .comment       0x000000000000003b      0x12c arch/arm/lib/libarm.o
 .comment       0x000000000000003b       0xf0 board/altera/socfpga/libsocfpga.o
 .comment       0x000000000000003b       0xf0 board/altera/socfpga/sdram/libsocfpga-sdram.o
 .comment       0x000000000000003b      0x1a4 common/libcommon.o
 .comment       0x000000000000003b       0x3c common/spl/libspl.o
 .comment       0x000000000000003b       0x78 disk/libdisk.o
 .comment       0x000000000000003b       0xf0 drivers/mmc/libmmc.o
 .comment       0x000000000000003b       0xb4 drivers/serial/libserial.o
 .comment       0x000000000000003b       0x3c drivers/watchdog/libwatchdog.o
 .comment       0x000000000000003b      0x1a4 lib/libgeneric.o
 .comment       0x000000000000003b       0x3c /home/jan/ANNonFPGA/ANNonFPGA/QUARTUS/software/spl_bsp/uboot-socfpga/spl/arch/arm/lib/eabi_compat.o

.note.GNU-stack
                0x0000000000000000        0x0
 .note.GNU-stack
                0x0000000000000000        0x0 fs/fat/libfat.o
 .note.GNU-stack
                0x0000000000000000        0x0 arch/arm/cpu/armv7/libarmv7.o
 .note.GNU-stack
                0x0000000000000000        0x0 arch/arm/cpu/armv7/socfpga/libsocfpga.o
 .note.GNU-stack
                0x0000000000000000        0x0 arch/arm/lib/libarm.o
 .note.GNU-stack
                0x0000000000000000        0x0 board/altera/socfpga/libsocfpga.o
 .note.GNU-stack
                0x0000000000000000        0x0 board/altera/socfpga/sdram/libsocfpga-sdram.o
 .note.GNU-stack
                0x0000000000000000        0x0 common/libcommon.o
 .note.GNU-stack
                0x0000000000000000        0x0 common/spl/libspl.o
 .note.GNU-stack
                0x0000000000000000        0x0 disk/libdisk.o
 .note.GNU-stack
                0x0000000000000000        0x0 drivers/mmc/libmmc.o
 .note.GNU-stack
                0x0000000000000000        0x0 drivers/serial/libserial.o
 .note.GNU-stack
                0x0000000000000000        0x0 drivers/watchdog/libwatchdog.o
 .note.GNU-stack
                0x0000000000000000        0x0 lib/libgeneric.o
 .note.GNU-stack
                0x0000000000000000        0x0 /home/jan/ANNonFPGA/ANNonFPGA/QUARTUS/software/spl_bsp/uboot-socfpga/spl/arch/arm/lib/eabi_compat.o
 .note.GNU-stack
                0x0000000000000000        0x0 /usr/lib/gcc-cross/arm-linux-gnueabihf/5/libgcc.a(_udivsi3.o)
 .note.GNU-stack
                0x0000000000000000        0x0 /usr/lib/gcc-cross/arm-linux-gnueabihf/5/libgcc.a(_lshrdi3.o)
 .note.GNU-stack
                0x0000000000000000        0x0 /usr/lib/gcc-cross/arm-linux-gnueabihf/5/libgcc.a(_ashldi3.o)
 .note.GNU-stack
                0x0000000000000000        0x0 /usr/lib/gcc-cross/arm-linux-gnueabihf/5/libgcc.a(_dvmd_lnx.o)

.debug_line     0x0000000000000000     0xb556
 .debug_line    0x0000000000000000       0x84 arch/arm/cpu/armv7/start.o
 .debug_line    0x0000000000000084      0xafa fs/fat/libfat.o
 .debug_line    0x0000000000000b7e      0x4b8 arch/arm/cpu/armv7/libarmv7.o
 .debug_line    0x0000000000001036     0x2e33 arch/arm/cpu/armv7/socfpga/libsocfpga.o
 .debug_line    0x0000000000003e69      0x9c1 arch/arm/lib/libarm.o
 .debug_line    0x000000000000482a      0x461 board/altera/socfpga/libsocfpga.o
 .debug_line    0x0000000000004c8b     0x18a9 board/altera/socfpga/sdram/libsocfpga-sdram.o
 .debug_line    0x0000000000006534     0x1977 common/libcommon.o
 .debug_line    0x0000000000007eab      0x35f common/spl/libspl.o
 .debug_line    0x000000000000820a      0x61d disk/libdisk.o
 .debug_line    0x0000000000008827      0xfd5 drivers/mmc/libmmc.o
 .debug_line    0x00000000000097fc      0xa02 drivers/serial/libserial.o
 .debug_line    0x000000000000a1fe      0x1cd drivers/watchdog/libwatchdog.o
 .debug_line    0x000000000000a3cb     0x102d lib/libgeneric.o
 .debug_line    0x000000000000b3f8      0x15e /home/jan/ANNonFPGA/ANNonFPGA/QUARTUS/software/spl_bsp/uboot-socfpga/spl/arch/arm/lib/eabi_compat.o

.debug_info     0x0000000000000000    0x2c078
 .debug_info    0x0000000000000000       0x88 arch/arm/cpu/armv7/start.o
 .debug_info    0x0000000000000088     0x3880 fs/fat/libfat.o
 .debug_info    0x0000000000003908      0xab8 arch/arm/cpu/armv7/libarmv7.o
 .debug_info    0x00000000000043c0     0xacdd arch/arm/cpu/armv7/socfpga/libsocfpga.o
 .debug_info    0x000000000000f09d     0x1ce4 arch/arm/lib/libarm.o
 .debug_info    0x0000000000010d81      0xbf1 board/altera/socfpga/libsocfpga.o
 .debug_info    0x0000000000011972     0x6b55 board/altera/socfpga/sdram/libsocfpga-sdram.o
 .debug_info    0x00000000000184c7     0x68ce common/libcommon.o
 .debug_info    0x000000000001ed95      0x9ab common/spl/libspl.o
 .debug_info    0x000000000001f740     0x1bdc disk/libdisk.o
 .debug_info    0x000000000002131c     0x55e6 drivers/mmc/libmmc.o
 .debug_info    0x0000000000026902     0x25d9 drivers/serial/libserial.o
 .debug_info    0x0000000000028edb      0x4bb drivers/watchdog/libwatchdog.o
 .debug_info    0x0000000000029396     0x2a0e lib/libgeneric.o
 .debug_info    0x000000000002bda4      0x2d4 /home/jan/ANNonFPGA/ANNonFPGA/QUARTUS/software/spl_bsp/uboot-socfpga/spl/arch/arm/lib/eabi_compat.o

.debug_abbrev   0x0000000000000000     0x84d8
 .debug_abbrev  0x0000000000000000       0x14 arch/arm/cpu/armv7/start.o
 .debug_abbrev  0x0000000000000014      0x4a5 fs/fat/libfat.o
 .debug_abbrev  0x00000000000004b9      0x427 arch/arm/cpu/armv7/libarmv7.o
 .debug_abbrev  0x00000000000008e0     0x263c arch/arm/cpu/armv7/socfpga/libsocfpga.o
 .debug_abbrev  0x0000000000002f1c      0x95e arch/arm/lib/libarm.o
 .debug_abbrev  0x000000000000387a      0x3fc board/altera/socfpga/libsocfpga.o
 .debug_abbrev  0x0000000000003c76      0x50d board/altera/socfpga/sdram/libsocfpga-sdram.o
 .debug_abbrev  0x0000000000004183     0x1505 common/libcommon.o
 .debug_abbrev  0x0000000000005688      0x314 common/spl/libspl.o
 .debug_abbrev  0x000000000000599c      0x65c disk/libdisk.o
 .debug_abbrev  0x0000000000005ff8      0xe6e drivers/mmc/libmmc.o
 .debug_abbrev  0x0000000000006e66      0x7b9 drivers/serial/libserial.o
 .debug_abbrev  0x000000000000761f      0x23b drivers/watchdog/libwatchdog.o
 .debug_abbrev  0x000000000000785a      0xb57 lib/libgeneric.o
 .debug_abbrev  0x00000000000083b1      0x127 /home/jan/ANNonFPGA/ANNonFPGA/QUARTUS/software/spl_bsp/uboot-socfpga/spl/arch/arm/lib/eabi_compat.o

.debug_aranges  0x0000000000000000     0x1540
 .debug_aranges
                0x0000000000000000       0x20 arch/arm/cpu/armv7/start.o
 .debug_aranges
                0x0000000000000020       0xf8 fs/fat/libfat.o
 .debug_aranges
                0x0000000000000118       0xa8 arch/arm/cpu/armv7/libarmv7.o
 .debug_aranges
                0x00000000000001c0      0x4c0 arch/arm/cpu/armv7/socfpga/libsocfpga.o
 .debug_aranges
                0x0000000000000680      0x160 arch/arm/lib/libarm.o
 .debug_aranges
                0x00000000000007e0       0x90 board/altera/socfpga/libsocfpga.o
 .debug_aranges
                0x0000000000000870      0x260 board/altera/socfpga/sdram/libsocfpga-sdram.o
 .debug_aranges
                0x0000000000000ad0      0x370 common/libcommon.o
 .debug_aranges
                0x0000000000000e40       0x48 common/spl/libspl.o
 .debug_aranges
                0x0000000000000e88       0x98 disk/libdisk.o
 .debug_aranges
                0x0000000000000f20      0x140 drivers/mmc/libmmc.o
 .debug_aranges
                0x0000000000001060      0x248 drivers/serial/libserial.o
 .debug_aranges
                0x00000000000012a8       0x40 drivers/watchdog/libwatchdog.o
 .debug_aranges
                0x00000000000012e8      0x230 lib/libgeneric.o
 .debug_aranges
                0x0000000000001518       0x28 /home/jan/ANNonFPGA/ANNonFPGA/QUARTUS/software/spl_bsp/uboot-socfpga/spl/arch/arm/lib/eabi_compat.o

.debug_frame    0x0000000000000000     0x3428
 .debug_frame   0x0000000000000000      0x3d0 fs/fat/libfat.o
 .debug_frame   0x00000000000003d0      0x17c arch/arm/cpu/armv7/libarmv7.o
 .debug_frame   0x000000000000054c      0x948 arch/arm/cpu/armv7/socfpga/libsocfpga.o
 .debug_frame   0x0000000000000e94      0x28c arch/arm/lib/libarm.o
 .debug_frame   0x0000000000001120       0xb0 board/altera/socfpga/libsocfpga.o
 .debug_frame   0x00000000000011d0      0x704 board/altera/socfpga/sdram/libsocfpga-sdram.o
 .debug_frame   0x00000000000018d4      0x9a0 common/libcommon.o
 .debug_frame   0x0000000000002274       0x94 common/spl/libspl.o
 .debug_frame   0x0000000000002308      0x1f8 disk/libdisk.o
 .debug_frame   0x0000000000002500      0x39c drivers/mmc/libmmc.o
 .debug_frame   0x000000000000289c      0x53c drivers/serial/libserial.o
 .debug_frame   0x0000000000002dd8       0x6c drivers/watchdog/libwatchdog.o
 .debug_frame   0x0000000000002e44      0x5a4 lib/libgeneric.o
 .debug_frame   0x00000000000033e8       0x40 /home/jan/ANNonFPGA/ANNonFPGA/QUARTUS/software/spl_bsp/uboot-socfpga/spl/arch/arm/lib/eabi_compat.o

.debug_str      0x0000000000000000     0x6a9f
 .debug_str     0x0000000000000000      0xad7 fs/fat/libfat.o
                                        0xc1a (size before relaxing)
 .debug_str     0x0000000000000ad7      0x196 arch/arm/cpu/armv7/libarmv7.o
                                        0xb1f (size before relaxing)
 .debug_str     0x0000000000000c6d     0x190d arch/arm/cpu/armv7/socfpga/libsocfpga.o
                                       0x612b (size before relaxing)
 .debug_str     0x000000000000257a      0x319 arch/arm/lib/libarm.o
                                       0x16b5 (size before relaxing)
 .debug_str     0x0000000000002893      0x172 board/altera/socfpga/libsocfpga.o
                                        0xd5b (size before relaxing)
 .debug_str     0x0000000000002a05     0x1099 board/altera/socfpga/sdram/libsocfpga-sdram.o
                                       0x1a4a (size before relaxing)
 .debug_str     0x0000000000003a9e     0x1ca0 common/libcommon.o
                                       0x3b84 (size before relaxing)
 .debug_str     0x000000000000573e      0x146 common/spl/libspl.o
                                        0x6e9 (size before relaxing)
 .debug_str     0x0000000000005884      0x2bc disk/libdisk.o
                                        0xc52 (size before relaxing)
 .debug_str     0x0000000000005b40      0x5fc drivers/mmc/libmmc.o
                                       0x1dda (size before relaxing)
 .debug_str     0x000000000000613c      0x5c8 drivers/serial/libserial.o
                                       0x12e8 (size before relaxing)
 .debug_str     0x0000000000006704       0xc8 drivers/watchdog/libwatchdog.o
                                        0x3e0 (size before relaxing)
 .debug_str     0x00000000000067cc      0x2a1 lib/libgeneric.o
                                       0x164c (size before relaxing)
 .debug_str     0x0000000000006a6d       0x32 /home/jan/ANNonFPGA/ANNonFPGA/QUARTUS/software/spl_bsp/uboot-socfpga/spl/arch/arm/lib/eabi_compat.o
                                        0x36c (size before relaxing)

.debug_loc      0x0000000000000000    0x1abe5
 .debug_loc     0x0000000000000000     0x3f51 fs/fat/libfat.o
 .debug_loc     0x0000000000003f51      0x181 arch/arm/cpu/armv7/libarmv7.o
 .debug_loc     0x00000000000040d2     0x5856 arch/arm/cpu/armv7/socfpga/libsocfpga.o
 .debug_loc     0x0000000000009928      0x318 arch/arm/lib/libarm.o
 .debug_loc     0x0000000000009c40       0x76 board/altera/socfpga/libsocfpga.o
 .debug_loc     0x0000000000009cb6     0x5943 board/altera/socfpga/sdram/libsocfpga-sdram.o
 .debug_loc     0x000000000000f5f9     0x4070 common/libcommon.o
 .debug_loc     0x0000000000013669       0xa0 common/spl/libspl.o
 .debug_loc     0x0000000000013709     0x1097 disk/libdisk.o
 .debug_loc     0x00000000000147a0     0x2b3c drivers/mmc/libmmc.o
 .debug_loc     0x00000000000172dc      0x7ef drivers/serial/libserial.o
 .debug_loc     0x0000000000017acb       0xde drivers/watchdog/libwatchdog.o
 .debug_loc     0x0000000000017ba9     0x301b lib/libgeneric.o
 .debug_loc     0x000000000001abc4       0x21 /home/jan/ANNonFPGA/ANNonFPGA/QUARTUS/software/spl_bsp/uboot-socfpga/spl/arch/arm/lib/eabi_compat.o

.debug_ranges   0x0000000000000000     0x2940
 .debug_ranges  0x0000000000000000      0x310 fs/fat/libfat.o
 .debug_ranges  0x0000000000000310       0x58 arch/arm/cpu/armv7/libarmv7.o
 .debug_ranges  0x0000000000000368      0xac0 arch/arm/cpu/armv7/socfpga/libsocfpga.o
 .debug_ranges  0x0000000000000e28       0xf0 arch/arm/lib/libarm.o
 .debug_ranges  0x0000000000000f18       0x58 board/altera/socfpga/libsocfpga.o
 .debug_ranges  0x0000000000000f70      0xcf0 board/altera/socfpga/sdram/libsocfpga-sdram.o
 .debug_ranges  0x0000000000001c60      0x410 common/libcommon.o
 .debug_ranges  0x0000000000002070       0x38 common/spl/libspl.o
 .debug_ranges  0x00000000000020a8       0xe8 disk/libdisk.o
 .debug_ranges  0x0000000000002190      0x250 drivers/mmc/libmmc.o
 .debug_ranges  0x00000000000023e0      0x248 drivers/serial/libserial.o
 .debug_ranges  0x0000000000002628       0x48 drivers/watchdog/libwatchdog.o
 .debug_ranges  0x0000000000002670      0x2b8 lib/libgeneric.o
 .debug_ranges  0x0000000000002928       0x18 /home/jan/ANNonFPGA/ANNonFPGA/QUARTUS/software/spl_bsp/uboot-socfpga/spl/arch/arm/lib/eabi_compat.o
